AR time_counter behavioral "C:/Users/pszemek/Desktop/Politechnika materialy wszelkie/SEM 4_IUP/zad7licznikczasulabupdate/time_counter.vhd" sub00/vhpl01 1536766894
EN time_counter NULL "C:/Users/pszemek/Desktop/Politechnika materialy wszelkie/SEM 4_IUP/zad7licznikczasulabupdate/time_counter.vhd" sub00/vhpl00 1536766893
